// Jest Snapshot v1, https://goo.gl/fbAQLP

exports[`Confirm modal snapshot testing initial test 1`] = `
<div
  className="modal"
>
  <div
    className="modal-content"
  >
    <h2>
      You tried to reserve and ...
    </h2>
    <h3
      className="modalText"
    >
      show content
    </h3>
    <button
      className="btnClose"
      onClick={[Function]}
    >
      Ok, close
    </button>
  </div>
</div>
`;
