// Jest Snapshot v1, https://goo.gl/fbAQLP

exports[`Home component snapshot testing initial test 1`] = `
<div>
  Welcome to Home
</div>
`;
